[hasa.botble.com/vi.html]
[cdn.botble.com/hasa/storage/general/favicon.png]
[backblue.gif]
[fade.gif]
[index.html]
[cdn.botble.com/vendor/core/plugins/cookie-consent/css/cookie-consente209.css]
[cdn.botble.com/themes/september/plugins/font-awesome/css/font-awesome.min.css]
[cdn.botble.com/themes/september/fonts/feather-font/css/iconfont.css]
[cdn.botble.com/themes/september/plugins/bootstrap/css/bootstrap.min.css]
[cdn.botble.com/themes/september/plugins/slick/slick.css]
[cdn.botble.com/themes/september/plugins/jquery-bar-rating/themes/fontawesome-stars.css]
[cdn.botble.com/themes/september/plugins/nouislider/nouislider.min.css]
[cdn.botble.com/themes/september/plugins/owl-carousel/css/owl.carousel.min.css]
[cdn.botble.com/themes/september/plugins/owl-carousel/css/owl.theme.css]
[cdn.botble.com/themes/september/plugins/owl-carousel/css/owl.theme.default.min.css]
[cdn.botble.com/themes/september/css/style254b.css]
[cdn.botble.com/themes/september/plugins/jquery.min.js]
[cdn.botble.com/hasa/storage/general/logo.png]
[hasa.botble.com/vi/login.html]
[hasa.botble.com/vi/wishlist.html]
[hasa.botble.com/cdn-cgi/l/email-protection.html]
[hasa.botble.com/vi/compare.html]
[hasa.botble.com/vi/products.html]
[hasa.botble.com/vi/product-categories/office-bags.html]
[hasa.botble.com/vi/product-categories/hand-bag.html]
[hasa.botble.com/vi/product-categories/woman.html]
[hasa.botble.com/vi/product-categories/woman-wallet.html]
[hasa.botble.com/vi/blog.html]
[hasa.botble.com/vi/contact.html]
[cdn.botble.com/hasa/storage/sliders/1.jpg]
[hasa.botble.com/products.html]
[cdn.botble.com/hasa/storage/sliders/2.jpg]
[cdn.botble.com/hasa/storage/sliders/3.jpg]
[hasa.botble.com/vi/products5957.html]
[cdn.botble.com/hasa/storage/product-collections/1-570x570.jpg]
[hasa.botble.com/vi/products140f.html]
[cdn.botble.com/hasa/storage/product-collections/2-570x570.jpg]
[hasa.botble.com/vi/productsd1dd.html]
[cdn.botble.com/hasa/storage/product-collections/3-570x570.jpg]
[cdn.botble.com/hasa/storage/product-collections/4-570x268.jpg]
[hasa.botble.com/vi/products167f.html]
[hasa.botble.com/vi.html]
[cdn.botble.com/vendor/core/plugins/cookie-consent/css/cookie-consente209.css]
[cdn.botble.com/themes/september/plugins/font-awesome/css/font-awesome.min.css]
[cdn.botble.com/themes/september/fonts/feather-font/css/iconfont.css]
[cdn.botble.com/themes/september/plugins/bootstrap/css/bootstrap.min.css]
[cdn.botble.com/themes/september/plugins/slick/slick.css]
[cdn.botble.com/themes/september/plugins/jquery-bar-rating/themes/fontawesome-stars.css]
[cdn.botble.com/themes/september/plugins/nouislider/nouislider.min.css]
[cdn.botble.com/themes/september/plugins/owl-carousel/css/owl.video.play.2d.delayed]
[cdn.botble.com/themes/september/plugins/owl-carousel/css/owl.carousel.min.css]
[cdn.botble.com/themes/september/plugins/owl-carousel/css/AjaxLoader.gif]
[cdn.botble.com/themes/september/plugins/owl-carousel/css/owl.theme.css]
[cdn.botble.com/themes/september/plugins/owl-carousel/css/owl.theme.default.min.css]
[cdn.botble.com/themes/september/css/style254b.css]
[hasa.botble.com/index.html]
[hasa.botble.com/login.html]
[hasa.botble.com/vi/password/reset.html]
[hasa.botble.com/vi/register.html]
[hasa.botble.com/cdn-cgi/scripts/5c5dd728/cloudflare-static/email-decode.min.js]
[cdn.botble.com/themes/september/plugins/popper.min.js]
[cdn.botble.com/themes/september/plugins/bootstrap/js/bootstrap.min.js]
[cdn.botble.com/themes/september/plugins/slick/slick.min.js]
[cdn.botble.com/themes/september/plugins/jquery-bar-rating/jquery.barrating.min.js]
[cdn.botble.com/themes/september/plugins/nouislider/nouislider.min.js]
[cdn.botble.com/themes/september/plugins/jquery.matchHeight-min.js]
[cdn.botble.com/themes/september/plugins/jquery.countdown.min.js]
[cdn.botble.com/themes/september/js/script254b.js]
[cdn.botble.com/themes/september/js/backend254b.js]
[cdn.botble.com/themes/september/js/components254b.js]
[www.google.com/recaptcha/api9d86.js]
[cdn.botble.com/vendor/core/plugins/cookie-consent/js/cookie-consente209.js]
[cdn.botble.com/vendor/core/plugins/language/js/language-publice209.js]
[cdn.botble.com/themes/september/plugins/owl-carousel/js/owl.carousel.min.js]
[hasa.botble.com/cookie-policy.html]
[hasa.botble.com/vi/login.html]
[hasa.botble.com/cdn-cgi/scripts/7d0fa10a/cloudflare-static/rocket-loader.min.js]
[hasa.botble.com/wishlist.html]
[hasa.botble.com/vi/wishlist.html]
[hasa.botble.com/cdn-cgi/l/email-protection.html]
[hasa.botble.com/compare.html]
[hasa.botble.com/vi/compare.html]
[cdn.botble.com/themes/september/plugins/mcustom-scrollbar/jquery.mCustomScrollbar.css]
[hasa.botble.com/vi/product-categories/denim.html]
[hasa.botble.com/vi/product-categories/dress.html]
[hasa.botble.com/vi/product-categories/backpack.html]
[hasa.botble.com/vi/product-categories/bags.html]
[hasa.botble.com/vi/product-categories/wallet.html]
[hasa.botble.com/vi/product-categories/men.html]
[hasa.botble.com/vi/product-categories/accessories.html]
[hasa.botble.com/vi/product-categories/men-wallet.html]
[hasa.botble.com/vi/product-categories/shoes.html]
[hasa.botble.com/vi/brands/fashion-live.html]
[hasa.botble.com/vi/brands/hand-crafted.html]
[hasa.botble.com/vi/brands/mestonix.html]
[hasa.botble.com/vi/brands/sunshine.html]
[hasa.botble.com/vi/brands/pure.html]
[hasa.botble.com/vi/brands/anfold.html]
[hasa.botble.com/vi/brands/automotive.html]
[hasa.botble.com/vi/product-tags/wallet.html]
[hasa.botble.com/vi/product-tags/clothes.html]
[hasa.botble.com/vi/product-tags/shoes.html]
[hasa.botble.com/vi/product-tags/hand-bag.html]
[hasa.botble.com/vi/product-tags/bags.html]
[hasa.botble.com/vi/products/wallet-handmade.html]
[cdn.botble.com/hasa/storage/products/1-570x570.jpg]
[hasa.botble.com/vi/wishlist/1]
[hasa.botble.com/vi/cart/add-to-cart]
[hasa.botble.com/vi/products/clutch-handmade.html]
[cdn.botble.com/hasa/storage/products/2-570x570.jpg]
[hasa.botble.com/vi/wishlist/2]
[hasa.botble.com/vi/products/gucci-zip-around-wallet.html]
[cdn.botble.com/hasa/storage/products/3-570x570.jpg]
[hasa.botble.com/vi/wishlist/3]
[hasa.botble.com/vi/products/snapshot-standard.html]
[cdn.botble.com/hasa/storage/products/4-570x570.jpg]
[hasa.botble.com/vi/wishlist/4]
[hasa.botble.com/vi/products/joan-mini-camera-bag.html]
[cdn.botble.com/hasa/storage/products/5-570x570.jpg]
[hasa.botble.com/vi/wishlist/5]
[hasa.botble.com/vi/products/cyan-boheme.html]
[cdn.botble.com/hasa/storage/products/6-570x570.jpg]
[hasa.botble.com/vi/wishlist/6]
[hasa.botble.com/vi/products/the-marc-jacobs.html]
[cdn.botble.com/hasa/storage/products/7-570x570.jpg]
[hasa.botble.com/vi/wishlist/7]
[hasa.botble.com/vi/products/round-crossbody-bag.html]
[cdn.botble.com/hasa/storage/products/8-570x570.jpg]
[hasa.botble.com/vi/wishlist/8]
[hasa.botble.com/vi/products.html]
[cdn.botble.com/themes/september/plugins/mcustom-scrollbar/jquery.mCustomScrollbar.js]
[hasa.botble.com/product-categories/office-bags.html]
[hasa.botble.com/vi/product-categories/office-bags.html]
[hasa.botble.com/product-categories/hand-bag.html]
[hasa.botble.com/vi/product-categories/hand-bag.html]
[hasa.botble.com/product-categories/woman.html]
[hasa.botble.com/vi/product-categories/woman.html]
[hasa.botble.com/product-categories/woman-wallet.html]
[hasa.botble.com/vi/product-categories/woman-wallet.html]
[hasa.botble.com/blog.html]
[hasa.botble.com/vi/blog/4-expert-tips-on-how-to-choose-the-right-mens-wallet.html]
[cdn.botble.com/hasa/storage/news/1-570x570.jpg]
[hasa.botble.com/vi/blog/sexy-clutches-how-to-buy-wear-a-designer-clutch-bag.html]
[cdn.botble.com/hasa/storage/news/2-570x570.jpg]
[hasa.botble.com/vi/blog/the-top-2020-handbag-trends-to-know.html]
[cdn.botble.com/hasa/storage/news/3-570x570.jpg]
[hasa.botble.com/vi/blog/how-to-match-the-color-of-your-handbag-with-an-outfit.html]
[cdn.botble.com/hasa/storage/news/4-570x570.jpg]
[hasa.botble.com/vi/blog/how-to-care-for-leather-bags.html]
[cdn.botble.com/hasa/storage/news/5-570x570.jpg]
[hasa.botble.com/vi/blog/were-crushing-hard-on-summers-10-biggest-bag-trends.html]
[cdn.botble.com/hasa/storage/news/6-570x570.jpg]
[hasa.botble.com/vi/blog/essential-qualities-of-highly-successful-music.html]
[cdn.botble.com/hasa/storage/news/7-570x570.jpg]
[hasa.botble.com/vi/blog/9-things-i-love-about-shaving-my-head.html]
[cdn.botble.com/hasa/storage/news/8-570x570.jpg]
[hasa.botble.com/vi/blog/why-teamwork-really-makes-the-dream-work.html]
[cdn.botble.com/hasa/storage/news/9-570x570.jpg]
[hasa.botble.com/vi/blog/the-world-caters-to-average-people.html]
[cdn.botble.com/hasa/storage/news/10-570x570.jpg]
[hasa.botble.com/vi/blog/the-litigants-on-the-screen-are-not-actors.html]
[cdn.botble.com/hasa/storage/news/11-570x570.jpg]
[hasa.botble.com/vi/blog.html]
[cdn.botble.com/vendor/core/plugins/contact/css/contact-publice209.css]
[hasa.botble.com/contact.html]
[hasa.botble.com/vi/contact.html]
[cdn.botble.com/vendor/core/plugins/contact/js/contact-publice209.js]
[hasa.botble.com/product-categories/denim.html]
[hasa.botble.com/product-categories/dress.html]
[hasa.botble.com/product-categories/backpack.html]
[hasa.botble.com/product-categories/bags.html]
[hasa.botble.com/product-categories/wallet.html]
[hasa.botble.com/product-categories/men.html]
[hasa.botble.com/product-categories/accessories.html]
[hasa.botble.com/product-categories/men-wallet.html]
[hasa.botble.com/product-categories/shoes.html]
[hasa.botble.com/brands/fashion-live.html]
[hasa.botble.com/brands/hand-crafted.html]
[hasa.botble.com/brands/mestonix.html]
[hasa.botble.com/brands/sunshine.html]
[hasa.botble.com/brands/pure.html]
[hasa.botble.com/brands/anfold.html]
[hasa.botble.com/brands/automotive.html]
[hasa.botble.com/product-tags/wallet.html]
[hasa.botble.com/product-tags/clothes.html]
[hasa.botble.com/product-tags/shoes.html]
[hasa.botble.com/product-tags/hand-bag.html]
[hasa.botble.com/product-tags/bags.html]
[hasa.botble.com/products/wallet-handmade.html]
[hasa.botble.com/wishlist/1]
[hasa.botble.com/cart/add-to-cart]
[hasa.botble.com/products/clutch-handmade.html]
[hasa.botble.com/wishlist/2]
[hasa.botble.com/products/gucci-zip-around-wallet.html]
[hasa.botble.com/wishlist/3]
[hasa.botble.com/products/snapshot-standard.html]
[hasa.botble.com/wishlist/4]
[hasa.botble.com/products/joan-mini-camera-bag.html]
[hasa.botble.com/wishlist/5]
[hasa.botble.com/products/cyan-boheme.html]
[hasa.botble.com/wishlist/6]
[hasa.botble.com/products/the-marc-jacobs.html]
[hasa.botble.com/wishlist/7]
[hasa.botble.com/products/round-crossbody-bag.html]
[hasa.botble.com/wishlist/8]
[hasa.botble.com/register.html]
[www.google.com/recaptcha/apiee3d.js]
[hasa.botble.com/products.html]
[hasa.botble.com/productsdb94.html]
[hasa.botble.com/vi/products5957.html]
[hasa.botble.com/productsffa8.html]
[hasa.botble.com/vi/products140f.html]
[hasa.botble.com/products5713.html]
[hasa.botble.com/vi/productsd1dd.html]
[hasa.botble.com/products8756.html]
[hasa.botble.com/vi/products167f.html]
[hasa.botble.com/vi/ajax/get-flash-sales20f7]
[cdn.botble.com/themes/september/plugins/owl-carousel/css/owl.video.play.html]
[cdn.botble.com/themes/september/plugins/owl-carousel/css/AjaxLoader.html]
[hasa.botble.com/password/reset.html]
[hasa.botble.com/login.html]
[hasa.botble.com/vi/password/reset.html]
[hasa.botble.com/vi/register.html]
[hasa.botble.com/vi/cookie-policy.html]
[hasa.botble.com/cookie-policy.html]
[hasa.botble.com/wishlist.html]
[hasa.botble.com/compare.html]
[cdn.botble.com/themes/september/plugins/mcustom-scrollbar/mCSB_buttons.png]
[cdn.botble.com/themes/september/plugins/mcustom-scrollbar/jquery.mCustomScrollbar.css]
[hasa.botble.com/vi/product-categories/denim.html]
[hasa.botble.com/vi/product-categories/dress.html]
[hasa.botble.com/vi/product-categories/backpack.html]
[hasa.botble.com/vi/product-categories/bags.html]
[hasa.botble.com/vi/product-categories/wallet.html]
[hasa.botble.com/vi/product-categories/men.html]
[hasa.botble.com/vi/product-categories/accessories.html]
[hasa.botble.com/vi/product-categories/men-wallet.html]
[hasa.botble.com/vi/product-categories/shoes.html]
[hasa.botble.com/vi/brands/fashion-live.html]
[hasa.botble.com/vi/brands/hand-crafted.html]
[hasa.botble.com/vi/brands/mestonix.html]
[hasa.botble.com/vi/brands/sunshine.html]
[hasa.botble.com/vi/brands/pure.html]
[hasa.botble.com/vi/brands/anfold.html]
[hasa.botble.com/vi/brands/automotive.html]
[hasa.botble.com/vi/product-tags/wallet.html]
[hasa.botble.com/vi/product-tags/clothes.html]
[hasa.botble.com/vi/product-tags/shoes.html]
[hasa.botble.com/vi/product-tags/hand-bag.html]
[hasa.botble.com/vi/product-tags/bags.html]
[cdn.botble.com/themes/september/plugins/lightGallery/css/lightgallery.min.css]
[cdn.botble.com/hasa/storage/products/1.jpg]
[cdn.botble.com/hasa/storage/products/1-1.jpg]
[cdn.botble.com/hasa/storage/products/1-150x150.jpg]
[cdn.botble.com/hasa/storage/products/1-1-150x150.jpg]
[cdn.botble.com/hasa/storage/products/4.jpg]
[cdn.botble.com/hasa/storage/products/4-150x150.jpg]
[cdn.botble.com/hasa/storage/products/8.jpg]
[cdn.botble.com/hasa/storage/products/8-150x150.jpg]
[cdn.botble.com/hasa/storage/products/6.jpg]
[cdn.botble.com/hasa/storage/products/6-150x150.jpg]
[cdn.botble.com/hasa/storage/products/3.jpg]
[cdn.botble.com/hasa/storage/products/3-150x150.jpg]
[cdn.botble.com/hasa/storage/products/5.jpg]
[cdn.botble.com/hasa/storage/products/5-150x150.jpg]
[cdn.botble.com/hasa/storage/products/2.jpg]
[cdn.botble.com/hasa/storage/products/2-150x150.jpg]
[cdn.botble.com/hasa/storage/products/7.jpg]
[cdn.botble.com/hasa/storage/products/7-150x150.jpg]
[cdn.botble.com/themes/september/plugins/lightGallery/js/lightgallery.min.js]
[cdn.botble.com/vendor/core/plugins/ecommerce/js/change-product-swatches.js]
[connect.facebook.net/en_US/sdk.js]
[hasa.botble.com/vi/products/wallet-handmade.html]
[hasa.botble.com/vi/wishlist/1.html]
[hasa.botble.com/vi/cart/add-to-cart.html]
[cdn.botble.com/hasa/storage/products/2-1.jpg]
[cdn.botble.com/hasa/storage/products/2-2.jpg]
[cdn.botble.com/hasa/storage/products/2-3.jpg]
[cdn.botble.com/hasa/storage/products/2-1-150x150.jpg]
[cdn.botble.com/hasa/storage/products/2-2-150x150.jpg]
[cdn.botble.com/hasa/storage/products/2-3-150x150.jpg]
[hasa.botble.com/vi/products/clutch-handmade.html]
[hasa.botble.com/vi/wishlist/2.html]
[cdn.botble.com/hasa/storage/products/3-1.jpg]
[cdn.botble.com/hasa/storage/products/3-2.jpg]
[cdn.botble.com/hasa/storage/products/3-3.jpg]
[cdn.botble.com/hasa/storage/products/3-1-150x150.jpg]
[cdn.botble.com/hasa/storage/products/3-2-150x150.jpg]
[cdn.botble.com/hasa/storage/products/3-3-150x150.jpg]
[hasa.botble.com/vi/products/gucci-zip-around-wallet.html]
[hasa.botble.com/vi/wishlist/3.html]
[cdn.botble.com/hasa/storage/products/4-1.jpg]
[cdn.botble.com/hasa/storage/products/4-2.jpg]
[cdn.botble.com/hasa/storage/products/4-1-150x150.jpg]
[cdn.botble.com/hasa/storage/products/4-2-150x150.jpg]
[hasa.botble.com/vi/products/snapshot-standard.html]
[hasa.botble.com/vi/wishlist/4.html]
[cdn.botble.com/hasa/storage/products/5-1.jpg]
[cdn.botble.com/hasa/storage/products/5-2.jpg]
[cdn.botble.com/hasa/storage/products/5-1-150x150.jpg]
[cdn.botble.com/hasa/storage/products/5-2-150x150.jpg]
[hasa.botble.com/vi/products/joan-mini-camera-bag.html]
[hasa.botble.com/vi/wishlist/5.html]
[cdn.botble.com/hasa/storage/products/6-1.jpg]
[cdn.botble.com/hasa/storage/products/6-1-150x150.jpg]
[hasa.botble.com/vi/products/cyan-boheme.html]
[hasa.botble.com/vi/wishlist/6.html]
[cdn.botble.com/hasa/storage/products/7-1.jpg]
[cdn.botble.com/hasa/storage/products/7-2.jpg]
[cdn.botble.com/hasa/storage/products/7-1-150x150.jpg]
[cdn.botble.com/hasa/storage/products/7-2-150x150.jpg]
[hasa.botble.com/vi/products/the-marc-jacobs.html]
[hasa.botble.com/vi/wishlist/7.html]
[hasa.botble.com/vi/products/round-crossbody-bag.html]
[hasa.botble.com/vi/wishlist/8.html]
[hasa.botble.com/product-categories/office-bags.html]
[hasa.botble.com/product-categories/hand-bag.html]
[hasa.botble.com/product-categories/woman.html]
[hasa.botble.com/product-categories/woman-wallet.html]
[hasa.botble.com/blog/4-expert-tips-on-how-to-choose-the-right-mens-wallet.html]
[hasa.botble.com/blog.html]
[hasa.botble.com/blog/sexy-clutches-how-to-buy-wear-a-designer-clutch-bag]
[hasa.botble.com/vi/blog/commercial.html]
[hasa.botble.com/vi/blog/fashion.html]
[hasa.botble.com/storage/news/1.jpg]
[hasa.botble.com/storage/news/2.jpg]
[hasa.botble.com/storage/news/3.jpg]
[hasa.botble.com/storage/news/4.jpg]
[hasa.botble.com/storage/news/5.jpg]
[hasa.botble.com/vi/tag/general.html]
[hasa.botble.com/vi/tag/design.html]
[hasa.botble.com/vi/tag/fashion.html]
[hasa.botble.com/vi/tag/branding.html]
[hasa.botble.com/vi/tag/modern.html]
[hasa.botble.com/vi/blog/4-expert-tips-on-how-to-choose-the-right-mens-wallet.html]
[hasa.botble.com/vi/blog/electronic.html]
[hasa.botble.com/vi/blog/ecommerce.html]
[hasa.botble.com/vi/blog/sexy-clutches-how-to-buy-wear-a-designer-clutch-bag.html]
[hasa.botble.com/blog/the-top-2020-handbag-trends-to-know.html]
[hasa.botble.com/vi/blog/the-top-2020-handbag-trends-to-know.html]
[hasa.botble.com/blog/how-to-match-the-color-of-your-handbag-with-an-outfit.html]
[hasa.botble.com/vi/blog/how-to-match-the-color-of-your-handbag-with-an-outfit.html]
[hasa.botble.com/blog/how-to-care-for-leather-bags.html]
[hasa.botble.com/vi/blog/how-to-care-for-leather-bags.html]
[hasa.botble.com/blog/were-crushing-hard-on-summers-10-biggest-bag-trends.html]
[hasa.botble.com/vi/blog/were-crushing-hard-on-summers-10-biggest-bag-trends.html]
[hasa.botble.com/blog/essential-qualities-of-highly-successful-music.html]
[hasa.botble.com/vi/blog/essential-qualities-of-highly-successful-music.html]
[hasa.botble.com/blog/9-things-i-love-about-shaving-my-head.html]
[hasa.botble.com/vi/blog/9-things-i-love-about-shaving-my-head.html]
[hasa.botble.com/blog/why-teamwork-really-makes-the-dream-work.html]
[hasa.botble.com/vi/blog/why-teamwork-really-makes-the-dream-work.html]
[hasa.botble.com/blog/the-world-caters-to-average-people.html]
[hasa.botble.com/vi/blog/the-world-caters-to-average-people.html]
[hasa.botble.com/blog/the-litigants-on-the-screen-are-not-actors.html]
[hasa.botble.com/vi/blog/the-litigants-on-the-screen-are-not-actors.html]
[cdn.botble.com/vendor/core/plugins/contact/css/contact-publice209.css]
[hasa.botble.com/contact.html]
[hasa.botble.com/product-categories/denim.html]
[hasa.botble.com/product-categories/dress.html]
[hasa.botble.com/product-categories/backpack.html]
[hasa.botble.com/product-categories/bags.html]
[hasa.botble.com/product-categories/wallet.html]
[hasa.botble.com/product-categories/men.html]
[hasa.botble.com/product-categories/accessories.html]
[hasa.botble.com/product-categories/men-wallet.html]
[hasa.botble.com/product-categories/shoes.html]
[hasa.botble.com/brands/fashion-live.html]
[hasa.botble.com/brands/hand-crafted.html]
[hasa.botble.com/brands/mestonix.html]
[hasa.botble.com/brands/sunshine.html]
[hasa.botble.com/brands/pure.html]
[hasa.botble.com/brands/anfold.html]
[hasa.botble.com/brands/automotive.html]
[hasa.botble.com/product-tags/wallet.html]
[hasa.botble.com/product-tags/clothes.html]
[hasa.botble.com/product-tags/shoes.html]
[hasa.botble.com/product-tags/hand-bag.html]
[hasa.botble.com/product-tags/bags.html]
[hasa.botble.com/products/wallet-handmade.html]
[hasa.botble.com/wishlist/1.html]
[hasa.botble.com/cart/add-to-cart.html]
[hasa.botble.com/products/clutch-handmade.html]
[hasa.botble.com/wishlist/2.html]
[hasa.botble.com/products/gucci-zip-around-wallet.html]
[hasa.botble.com/wishlist/3.html]
[hasa.botble.com/products/snapshot-standard.html]
[hasa.botble.com/wishlist/4.html]
[hasa.botble.com/products/joan-mini-camera-bag.html]
[hasa.botble.com/wishlist/5.html]
[hasa.botble.com/products/cyan-boheme.html]
[hasa.botble.com/wishlist/6.html]
[hasa.botble.com/products/the-marc-jacobs.html]
[hasa.botble.com/wishlist/7.html]
[hasa.botble.com/products/round-crossbody-bag.html]
[hasa.botble.com/wishlist/8.html]
[hasa.botble.com/register.html]
[hasa.botble.com/vi/productsdb94.html]
[hasa.botble.com/productsdb94.html]
[hasa.botble.com/vi/productsffa8.html]
[hasa.botble.com/productsffa8.html]
[hasa.botble.com/vi/products5713.html]
[hasa.botble.com/products5713.html]
[hasa.botble.com/vi/products8756.html]
[hasa.botble.com/products8756.html]
[hasa.botble.com/password/reset.html]
[hasa.botble.com/vi/cookie-policy.html]
[cdn.botble.com/themes/september/plugins/lightGallery/img/vimeo-play.png]
[cdn.botble.com/themes/september/plugins/lightGallery/img/video-play.png]
[cdn.botble.com/themes/september/plugins/lightGallery/img/youtube-play.png]
[cdn.botble.com/themes/september/plugins/lightGallery/img/loading.gif]
[cdn.botble.com/themes/september/plugins/lightGallery/css/lightgallery.min.css]
[connect.facebook.net/en_US/sdk.js]
[hasa.botble.com/blog/commercial.html]
[hasa.botble.com/blog/fashion.html]
[hasa.botble.com/tag/general.html]
[hasa.botble.com/tag/design.html]
[hasa.botble.com/tag/fashion.html]
[hasa.botble.com/tag/branding.html]
[hasa.botble.com/tag/modern.html]
[hasa.botble.com/blog/4-expert-tips-on-how-to-choose-the-right-mens-wallet.html]
[hasa.botble.com/blog/electronic.html]
[hasa.botble.com/blog/ecommerce.html]
[hasa.botble.com/blog/sexy-clutches-how-to-buy-wear-a-designer-clutch-bag]
[hasa.botble.com/vi/blog/commercial.html]
[hasa.botble.com/vi/blog/fashion.html]
[hasa.botble.com/vi/tag/general.html]
[hasa.botble.com/vi/tag/design.html]
[hasa.botble.com/vi/tag/fashion.html]
[hasa.botble.com/vi/tag/branding.html]
[hasa.botble.com/vi/tag/modern.html]
[hasa.botble.com/vi/blog/electronic.html]
[hasa.botble.com/vi/blog/ecommerce.html]
[hasa.botble.com/blog/the-top-2020-handbag-trends-to-know.html]
[hasa.botble.com/blog/how-to-match-the-color-of-your-handbag-with-an-outfit.html]
[hasa.botble.com/blog/how-to-care-for-leather-bags.html]
[hasa.botble.com/blog/were-crushing-hard-on-summers-10-biggest-bag-trends.html]
[hasa.botble.com/blog/essential-qualities-of-highly-successful-music.html]
[hasa.botble.com/blog/9-things-i-love-about-shaving-my-head.html]
[hasa.botble.com/blog/why-teamwork-really-makes-the-dream-work.html]
[hasa.botble.com/blog/the-world-caters-to-average-people.html]
[hasa.botble.com/blog/the-litigants-on-the-screen-are-not-actors.html]
[hasa.botble.com/vi/productsdb94.html]
[hasa.botble.com/currency/switch/USD]
[hasa.botble.com/vi/productsffa8.html]
[hasa.botble.com/vi/products5713.html]
[hasa.botble.com/vi/products8756.html]
[hasa.botble.com/blog/commercial.html]
[hasa.botble.com/blog/fashion.html]
[hasa.botble.com/tag/general.html]
[hasa.botble.com/tag/design.html]
[hasa.botble.com/tag/fashion.html]
[hasa.botble.com/tag/branding.html]
[hasa.botble.com/tag/modern.html]
[hasa.botble.com/blog/electronic.html]
[hasa.botble.com/blog/ecommerce.html]
